John Tanaka, 25 years old, id is 1.
Taro Suzuki, 31 years old, id is 2.
Tom Sato, 17 years old, id is 3.
Judy Foobar, 25 years old, id is 4.
Unnamed, 27 years old, id is 5.
Sachi Piyo, 20 years old, id is 6.
